services/notificationService.ts(4,1): error TS2552: Cannot find name 'Notifications'. Did you mean 'Notification'?
services/notificationService.ts(16,7): error TS2304: Cannot find name 'Platform'.
services/notificationService.ts(18,38): error TS2552: Cannot find name 'Notifications'. Did you mean 'Notification'?
services/notificationService.ts(21,28): error TS2552: Cannot find name 'Notifications'. Did you mean 'Notification'?
services/notificationService.ts(27,9): error TS2552: Cannot find name 'Notifications'. Did you mean 'Notification'?
services/notificationService.ts(38,9): error TS2552: Cannot find name 'Notifications'. Did you mean 'Notification'?
services/notificationService.ts(47,13): error TS2552: Cannot find name 'Notifications'. Did you mean 'Notification'?
services/notificationService.ts(125,9): error TS2552: Cannot find name 'Notifications'. Did you mean 'Notification'?
services/notificationService.ts(136,9): error TS2552: Cannot find name 'Notifications'. Did you mean 'Notification'?
services/notificationService.ts(147,9): error TS2552: Cannot find name 'Notifications'. Did you mean 'Notification'?
services/notificationService.ts(158,9): error TS2304: Cannot find name 'Notifications'.
